// Jest Snapshot v1, https://goo.gl/fbAQLP

exports[`EmptyState rendering render without Props 1`] = `
<EmptyState
  className=""
>
  <Spinner
    className=""
    inline={true}
    inverse={false}
    loading={true}
    size="lg"
  />
  <EmptyStateTitle
    className=""
  >
    Fetching data about your accounts
  </EmptyStateTitle>
  <EmptyStateInfo
    className=""
  >
    Loading...
  </EmptyStateInfo>
</EmptyState>
`;
