// Jest Snapshot v1, https://goo.gl/fbAQLP

exports[`InventorySettings rendering render without Props 1`] = `
<div
  className="inventory-settings"
>
  <h3>
    Settings
  </h3>
  <RedHatInventorySwitcher />
  <CloudConnectorSwitcher />
  <Button
    isInline={true}
    onClick={[Function]}
    variant="link"
  >
    View advanced settings
  </Button>
  <AdvancedSettingsModal
    isModalOpen={false}
    setIsModalOpen={[Function]}
  />
</div>
`;
