// Jest Snapshot v1, https://goo.gl/fbAQLP

exports[`FileDownload rendering render without Props 1`] = `
<Col
  bsClass="col"
  componentClass="div"
  sm={12}
>
  <Button
    active={false}
    block={false}
    bsClass="btn"
    bsStyle="default"
    className="download-button"
    disabled={false}
    onClick={[Function]}
  >
    Download Report
     
    <Icon
      name="download"
      type="fa"
    />
  </Button>
</Col>
`;
